C251 COMPILER V5.60.0,  init                                                               13/04/24  20:04:43  PAGE 1   


C251 COMPILER V5.60.0, COMPILATION OF MODULE init
OBJECT MODULE PLACED IN .\Out_File\init.obj
COMPILER INVOKED BY: D:\keil5\keil5_MDK\keil5_MDK_32\C251\BIN\C251.EXE ..\USER\src\init.c XSMALL INTR2 WARNINGLEVEL(3) B
                    -ROWSE INCDIR(..\..\Libraries\libraries;..\..\Libraries\seekfree_libraries;..\..\Libraries\seekfree_peripheral;..\CODE;..
                    -\USER\inc;..\USER\src) DEBUG PRINT(.\Out_File\init.lst) OBJECT(.\Out_File\init.obj) 

stmt  level    source

    1          #include "headfile.h"
    2          
    3          
    4          extern PID_InitTypeDef PID_Servos;              //舵机PID结构体变量     
    5          
    6          void Init_all()
    7          {
    8   1              WTST = 0;                                                       //设置程序代码等待参数，赋值为0可将CPU执行程序的速度设置为最快  
    9   1              DisableGlobalIRQ();             //关闭总中断
   10   1              sys_clk = 35000000;             //设置系统频率为35MHz
   11   1        board_init();                                 //初始化寄存器
   12   1              pit_timer_ms(TIM_4, 10);                                                                //配置定时器4，5ms进一次中断，用于读取、调整速度
   13   1      
   14   1      //pid初始化  PID_Init(结构体, KP, KI, KD, 输出限幅, 积分限幅)
   15   1              PID_Init(&PID_Servos, 0, 0, 0, 0, 0);                                   //舵机PID初始化
   16   1      
   17   1              delay_ms(500);
   18   1      
   19   1              EnableGlobalIRQ();              //开启总中断
   20   1      }


Module Information          Static   Overlayable
------------------------------------------------
  code size            =        67     ------
  ecode size           =    ------     ------
  data size            =    ------     ------
  idata size           =    ------     ------
  pdata size           =    ------     ------
  xdata size           =    ------     ------
  xdata-const size     =    ------     ------
  edata size           =    ------     ------
  bit size             =    ------     ------
  ebit size            =    ------     ------
  bitaddressable size  =    ------     ------
  ebitaddressable size =    ------     ------
  far data size        =    ------     ------
  huge data size       =    ------     ------
  const size           =    ------     ------
  hconst size          =    ------     ------
End of Module Information.


C251 COMPILATION COMPLETE.  0 WARNING(S),  0 ERROR(S)
