C251 COMPILER V5.60.0,  garage                                                             16/07/23  13:37:36  PAGE 1   


C251 COMPILER V5.60.0, COMPILATION OF MODULE garage
OBJECT MODULE PLACED IN .\Out_File\garage.obj
COMPILER INVOKED BY: D:\Keil5\C251\BIN\C251.EXE ..\USER\src\garage.c XSMALL INTR2 WARNINGLEVEL(3) BROWSE INCDIR(..\..\Li
                    -braries\libraries;..\..\Libraries\seekfree_libraries;..\..\Libraries\seekfree_peripheral;..\CODE;..\USER\inc;..\USER\src
                    -) DEBUG PRINT(.\Out_File\garage.lst) TABS(2) OBJECT(.\Out_File\garage.obj) 

stmt  level    source

    1          #include "headfile.h"
    2          
    3          extern bit Stop_flag;
    4          extern bit Garage_in_flag;            //判断是否入车库
    5          extern bit Garage_out_flag;           //判断是否出车库
    6          
    7          void Garage_out()
    8          {
    9   1      //直走
   10   1        pwm_duty(PWMB_CH1_P74,840);
   11   1        pwm_duty(PWMA_CH2P_P62, 5000);            //左轮pwm置0  
   12   1        pwm_duty(PWMA_CH3P_P64, 5000);            //右轮pwm置0
   13   1        delay_ms(250);
   14   1      //出库左转:+60                                                  右转:-60
   15   1        pwm_duty(PWMB_CH1_P74,840+60);            //                  pwm_duty(PWMB_CH1_P74,840-60);                
   16   1        pwm_duty(PWMA_CH2P_P62, 5000);            //左轮pwm置0        pwm_duty(PWMA_CH2P_P62, 8000);
   17   1        pwm_duty(PWMA_CH3P_P64, 8000);            //右轮pwm置0        pwm_duty(PWMA_CH3P_P64, 5000);
   18   1        delay_ms(380);
   19   1        Garage_out_flag=1;
   20   1      }
   21          
   22          //void Garage_in()
   23          //{
   24          //  pwm_duty(PWMB_CH1_P74,840+60);            //                  pwm_duty(PWMB_CH1_P74,840-60);                
   25          //  pwm_duty(PWMA_CH2P_P62, 3000);            //左轮pwm置0        pwm_duty(PWMA_CH2P_P62, 8000);
   26          //  pwm_duty(PWMA_CH3P_P64, 8000);            //右轮pwm置0        pwm_duty(PWMA_CH3P_P64, 5000);
   27          //  delay_ms(180);
   28          //  pwm_duty(PWMB_CH1_P74,840);           // 
   29          //  pwm_duty(PWMA_CH2P_P62, 5000);            //左轮pwm置0        pwm_duty(PWMA_CH2P_P62, 8000);
   30          //  pwm_duty(PWMA_CH3P_P64, 5000);            //右轮pwm置0        pwm_duty(PWMA_CH3P_P64, 5000);
   31          //  delay_ms(60);
   32          ////直行倒车
   33          //  pwm_duty(PWMB_CH1_P74,840);
   34          //  pwm_duty(PWMA_CH1P_P60, 8000);        //左电机
   35          //  pwm_duty(PWMA_CH2P_P62, 0);           //左轮pwm置0  
   36          //  pwm_duty(PWMA_CH3P_P64, 0);           //右轮pwm置0
   37          //  pwm_duty(PWMA_CH4P_P66, 8000);        //右电机
   38          //  delay_ms(400);
   39          ////完全停下后停止运动
   40          //  pwm_duty(PWMB_CH1_P74,840);
   41          //  pwm_duty(PWMA_CH1P_P60, 0);           //左电机
   42          //  pwm_duty(PWMA_CH2P_P62, 0);           //左轮
   43          //  pwm_duty(PWMA_CH3P_P64, 0);           //右轮
   44          //  pwm_duty(PWMA_CH4P_P66, 0);           //右电机
   45          //  while(1);
   46          //}
   47          
   48          void Garage_in()
   49          {
   50   1      //电机反转配置
   51   1        pwm_duty(PWMB_CH1_P74,840);
   52   1        pwm_duty(PWMA_CH2P_P62, 0);           //左轮pwm置0  
   53   1        pwm_duty(PWMA_CH3P_P64, 0);           //右轮pwm置0
   54   1      //直行倒车
   55   1        pwm_duty(PWMB_CH1_P74,840);
   56   1        pwm_duty(PWMA_CH1P_P60, 8000);        //左电机
   57   1        pwm_duty(PWMA_CH4P_P66, 8000);        //右电机
C251 COMPILER V5.60.0,  garage                                                             16/07/23  13:37:36  PAGE 2   

   58   1        delay_ms(700);
   59   1      //打角倒车入库，左边：+60                             右边：-60
   60   1        pwm_duty(PWMB_CH1_P74,840+60);        //            pwm_duty(PWMB_CH1_P74,840-60);
   61   1        pwm_duty(PWMA_CH1P_P60, 5000);        //左电机      pwm_duty(PWMA_CH1P_P60, 8000);
   62   1        pwm_duty(PWMA_CH4P_P66, 8000);        //右电机      pwm_duty(PWMA_CH4P_P66, 5000);
   63   1        delay_ms(400);
   64   1      //入库后向后倒退，车身完全进入车库
   65   1        pwm_duty(PWMB_CH1_P74,840);
   66   1        pwm_duty(PWMA_CH1P_P60, 5000);        //左电机
   67   1        pwm_duty(PWMA_CH4P_P66, 5000);        //右电机
   68   1        delay_ms(100);
   69   1      //电机反转，防止因惯性后移
   70   1        pwm_duty(PWMB_CH1_P74,840);
   71   1        pwm_duty(PWMA_CH1P_P60, 0);           //左电机
   72   1        pwm_duty(PWMA_CH2P_P62, 8000);        //左轮  
   73   1        pwm_duty(PWMA_CH3P_P64, 8000);        //右轮
   74   1        pwm_duty(PWMA_CH4P_P66, 0);           //右电机
   75   1        delay_ms(250);
   76   1      //完全停下后停止运动
   77   1        pwm_duty(PWMB_CH1_P74,840);
   78   1        pwm_duty(PWMA_CH1P_P60, 0);           //左电机
   79   1        pwm_duty(PWMA_CH2P_P62, 0);           //左轮
   80   1        pwm_duty(PWMA_CH3P_P64, 0);           //右轮
   81   1        pwm_duty(PWMA_CH4P_P66, 0);           //右电机
   82   1        while(1);
   83   1      }


Module Information          Static   Overlayable
------------------------------------------------
  code size            =       339     ------
  ecode size           =    ------     ------
  data size            =    ------     ------
  idata size           =    ------     ------
  pdata size           =    ------     ------
  xdata size           =    ------     ------
  xdata-const size     =    ------     ------
  edata size           =    ------     ------
  bit size             =    ------     ------
  ebit size            =    ------     ------
  bitaddressable size  =    ------     ------
  ebitaddressable size =    ------     ------
  far data size        =    ------     ------
  huge data size       =    ------     ------
  const size           =    ------     ------
  hconst size          =    ------     ------
End of Module Information.


C251 COMPILATION COMPLETE.  0 WARNING(S),  0 ERROR(S)
