C251 COMPILER V5.60.0,  main                                                               05/03/23  18:57:54  PAGE 1   


C251 COMPILER V5.60.0, COMPILATION OF MODULE main
OBJECT MODULE PLACED IN .\Out_File\main.obj
COMPILER INVOKED BY: D:\Keil5\C251\BIN\C251.EXE ..\USER\src\main.c XSMALL INTR2 WARNINGLEVEL(3) BROWSE INCDIR(..\..\Libr
                    -aries\libraries;..\..\Libraries\seekfree_libraries;..\..\Libraries\seekfree_peripheral;..\CODE;..\USER\inc;..\USER\src) 
                    -DEBUG PRINT(.\Out_File\main.lst) TABS(2) OBJECT(.\Out_File\main.obj) 

stmt  level    source

    1          #include "headfile.h"
    2          #include "pid.h"
    3          /*
    4           *关于内核频率的设定，可以查看board.h文件
    5           *在board_init中,已经将P54引脚设置为复位
    6           *如果需要使用P54引脚,可以在board.c文件中的board_init()函数中删除SET_P54_RESRT即可
    7           */
    8          
    9          void main()
   10          {
   11   1        WTST = 0;               //设置程序代码等待参数，赋值为0可将CPU执行程序的速度设置为最快
   12   1        DisableGlobalIRQ();   //关闭总中断
   13   1        sys_clk = 35000000;     //设置系统频率为35MHz   
   14   1        board_init();     //初始化寄存器
   15   1        //总中断最后开启
   16   1        EnableGlobalIRQ();    //开启总中断
   17   1        //pwm_init(PWMB_CH1_P74, 50, 0);    //舵机
   18   1        while(1)
   19   1        {
   20   2            //pwm_duty(PWMB_CH1_P74,750);
   21   2        }
   22   1      }
   23          


Module Information          Static   Overlayable
------------------------------------------------
  code size            =        26     ------
  ecode size           =    ------     ------
  data size            =    ------     ------
  idata size           =    ------     ------
  pdata size           =    ------     ------
  xdata size           =    ------     ------
  xdata-const size     =    ------     ------
  edata size           =    ------     ------
  bit size             =    ------     ------
  ebit size            =    ------     ------
  bitaddressable size  =    ------     ------
  ebitaddressable size =    ------     ------
  far data size        =    ------     ------
  huge data size       =    ------     ------
  const size           =    ------     ------
  hconst size          =    ------     ------
End of Module Information.


C251 COMPILATION COMPLETE.  0 WARNING(S),  0 ERROR(S)
